     1                                  bits 32 ; assembling for the 32 bits architecture
     2                                  
     3                                  ; declare the EntryPoint (a label defining the very first instruction of the program)
     4                                  global start        
     5                                  
     6                                  ; declare external functions needed by our program
     7                                  extern exit               ; tell nasm that exit exists even if we won't be defining it
     8                                  import exit msvcrt.dll    ; exit is a function that ends the calling process. It is defined in msvcrt.dll
     9                                                            ; msvcrt.dll contains exit, printf and all the other important C-runtime specific functions
    10                                  
    11                                  ; our data is declared here (the variables needed by our program)
    12                                  segment data use32 class=data
    13 00000000 02                          a db 2;a=2
    14 00000001 04000000                    b dd 4;b=4
    15 00000005 02                          c db 2;c=2
    16 00000006 1000000000000000            x dq 16;x=16
    17                                      
    18                                  ;x-(a*a+b)/(a+c/a)
    19                                  ; our code starts here
    20                                  segment code use32 class=code
    21                                      start:
    22                                      
    23 00000000 66B8[0000]                      mov ax,a
    24 00000004 66F7E0                          mul ax
    25                                          
    26                                      
    27                                          ; exit(0)
    28 00000007 6A00                            push    dword 0      ; push the parameter for exit onto the stack
    29 00000009 FF15[00000000]                  call    [exit]       ; call exit to terminate the program
